=~=~=~=~=~=~=~=~=~=~=~= PuTTY log 2012.08.19 11:35:51 =~=~=~=~=~=~=~=~=~=~=~=
login as: pi
pi@172.29.14.110's password: 
Access denied
pi@172.29.14.110's password: 
Linux raspberrypi 3.1.9+ #168 PREEMPT Sat Jul 14 18:56:31 BST 2012 armv6l

The programs included with the Debian GNU/Linux system are free software;
the exact distribution terms for each program are described in the
individual files in /usr/share/doc/*/copyright.

Debian GNU/Linux comes with ABSOLUTELY NO WARRANTY, to the extent
permitted by applicable law.

Type 'startx' to launch a graphical session

Last login: Sat Aug 18 11:07:08 2012 from 172.29.14.108

NOTICE: the software on this Raspberry Pi has not been fully configured. Please run 'sudo raspi-config'

lpi@raspberrypi ~ $ ls
Desktop  python_games  rPiDownloader
pi@raspberrypi ~ $ cd rPiDownloader/
pi@raspberrypi ~/rPiDownloader $ ls
install.conf  install.conf.sample  install.log  install.sh  README.md
pi@raspberrypi ~/rPiDownloader $ useradd --system --user-group --no-create-home --groups nzb headphonessudo 
pi@raspberrypi ~/rPiDownloader $ git clone git://github.com/rembo10/headphones.git
Cloning into 'headphones'...
remote: Counting objects: 5695, done.
remote: Compressing objects:   0% (1/2408)   remote: Compressing objects:   1% (25/2408)   remote: Compressing objects:   2% (49/2408)   remote: Compressing objects:   3% (73/2408)   remote: Compressing objects:   4% (97/2408)   remote: Compressing objects:   5% (121/2408)   remote: Compressing objects:   6% (145/2408)   remote: Compressing objects:   7% (169/2408)   remote: Compressing objects:   8% (193/2408)   remote: Compressing objects:   9% (217/2408)   remote: Compressing objects:  10% (241/2408)   remote: Compressing objects:  11% (265/2408)   remote: Compressing objects:  12% (289/2408)   remote: Compressing objects:  13% (314/2408)   remote: Compressing objects:  14% (338/2408)   remote: Compressing objects:  15% (362/2408)   remote: Compressing objects:  16% (386/2408)   remote: Compressing objects:  17% (410/2408)   remote: Compressing objects:  18% (434/2408)   remote: Compressing objects:  19% (458/2408)   remote: Compressing objects:  20% (482/2408)   remote: Compressing objects:  21% (506/2408)   remote: Compressing objects:  22% (530/2408)   remote: Compressing objects:  23% (554/2408)   remote: Compressing objects:  24% (578/2408)   remote: Compressing objects:  25% (602/2408)   remote: Compressing objects:  26% (627/2408)   remote: Compressing objects:  27% (651/2408)   remote: Compressing objects:  28% (675/2408)   remote: Compressing objects:  29% (699/2408)   remote: Compressing objects:  30% (723/2408)   remote: Compressing objects:  31% (747/2408)   remote: Compressing objects:  32% (771/2408)   remote: Compressing objects:  33% (795/2408)   remote: Compressing objects:  34% (819/2408)   remote: Compressing objects:  35% (843/2408)   remote: Compressing objects:  36% (867/2408)   remote: Compressing objects:  37% (891/2408)   remote: Compressing objects:  38% (916/2408)   remote: Compressing objects:  39% (940/2408)   remote: Compressing objects:  40% (964/2408)   remote: Compressing objects:  41% (988/2408)   remote: Compressing objects:  42% (1012/2408)   remote: Compressing objects:  43% (1036/2408)   remote: Compressing objects:  44% (1060/2408)   remote: Compressing objects:  45% (1084/2408)   remote: Compressing objects:  46% (1108/2408)   remote: Compressing objects:  47% (1132/2408)   remote: Compressing objects:  48% (1156/2408)   remote: Compressing objects:  49% (1180/2408)   remote: Compressing objects:  50% (1204/2408)   remote: Compressing objects:  51% (1229/2408)   remote: Compressing objects:  52% (1253/2408)   remote: Compressing objects:  53% (1277/2408)   remote: Compressing objects:  54% (1301/2408)   remote: Compressing objects:  55% (1325/2408)   remote: Compressing objects:  56% (1349/2408)   remote: Compressing objects:  57% (1373/2408)   remote: Compressing objects:  58% (1397/2408)   remote: Compressing objects:  59% (1421/2408)   remote: Compressing objects:  60% (1445/2408)   remote: Compressing objects:  61% (1469/2408)   remote: Compressing objects:  62% (1493/2408)   remote: Compressing objects:  63% (1518/2408)   remote: Compressing objects:  64% (1542/2408)   remote: Compressing objects:  65% (1566/2408)   remote: Compressing objects:  66% (1590/2408)   remote: Compressing objects:  67% (1614/2408)   remote: Compressing objects:  68% (1638/2408)   remote: Compressing objects:  69% (1662/2408)   remote: Compressing objects:  70% (1686/2408)   remote: Compressing objects:  71% (1710/2408)   remote: Compressing objects:  72% (1734/2408)   remote: Compressing objects:  73% (1758/2408)   remote: Compressing objects:  74% (1782/2408)   remote: Compressing objects:  75% (1806/2408)   remote: Compressing objects:  76% (1831/2408)   remote: Compressing objects:  77% (1855/2408)   remote: Compressing objects:  78% (1879/2408)   remote: Compressing objects:  79% (1903/2408)   remote: Compressing objects:  80% (1927/2408)   remote: Compressing objects:  81% (1951/2408)   remote: Compressing objects:  82% (1975/2408)   remote: Compressing objects:  83% (1999/2408)   remote: Compressing objects:  84% (2023/2408)   remote: Compressing objects:  85% (2047/2408)   remote: Compressing objects:  86% (2071/2408)   remote: Compressing objects:  87% (2095/2408)   remote: Compressing objects:  88% (2120/2408)   remote: Compressing objects:  89% (2144/2408)   remote: Compressing objects:  90% (2168/2408)   remote: Compressing objects:  91% (2192/2408)   remote: Compressing objects:  92% (2216/2408)   remote: Compressing objects:  93% (2240/2408)   remote: Compressing objects:  94% (2264/2408)   remote: Compressing objects:  95% (2288/2408)   remote: Compressing objects:  96% (2312/2408)   remote: Compressing objects:  97% (2336/2408)   remote: Compressing objects:  98% (2360/2408)   remote: Compressing objects:  99% (2384/2408)   remote: Compressing objects: 100% (2408/2408)   remote: Compressing objects: 100% (2408/2408), done.
Receiving objects:   0% (1/5695)   Receiving objects:   1% (57/5695)   Receiving objects:   2% (114/5695)   Receiving objects:   3% (171/5695)   Receiving objects:   4% (228/5695)   Receiving objects:   5% (285/5695)   Receiving objects:   6% (342/5695)   Receiving objects:   7% (399/5695)   Receiving objects:   8% (456/5695)   Receiving objects:   9% (513/5695)   Receiving objects:  10% (570/5695)   Receiving objects:  11% (627/5695)   Receiving objects:  12% (684/5695)   Receiving objects:  13% (741/5695)   Receiving objects:  14% (798/5695)   Receiving objects:  15% (855/5695)   Receiving objects:  16% (912/5695), 168.00 KiB | 318 KiB/s   Receiving objects:  17% (969/5695), 168.00 KiB | 318 KiB/s   Receiving objects:  18% (1026/5695), 168.00 KiB | 318 KiB/s   Receiving objects:  18% (1061/5695), 508.00 KiB | 493 KiB/s   Receiving objects:  19% (1083/5695), 508.00 KiB | 493 KiB/s   Receiving objects:  20% (1139/5695), 796.00 KiB | 517 KiB/s   Receiving objects:  21% (1196/5695), 796.00 KiB | 517 KiB/s   Receiving objects:  22% (1253/5695), 796.00 KiB | 517 KiB/s   Receiving objects:  22% (1275/5695), 796.00 KiB | 517 KiB/s   Receiving objects:  23% (1310/5695), 1.09 MiB | 543 KiB/s   Receiving objects:  24% (1367/5695), 1.09 MiB | 543 KiB/s   Receiving objects:  25% (1424/5695), 1.42 MiB | 565 KiB/s   Receiving objects:  26% (1481/5695), 1.42 MiB | 565 KiB/s   Receiving objects:  27% (1538/5695), 1.42 MiB | 565 KiB/s   Receiving objects:  28% (1595/5695), 1.42 MiB | 565 KiB/s   Receiving objects:  29% (1652/5695), 1.42 MiB | 565 KiB/s   Receiving objects:  30% (1709/5695), 1.42 MiB | 565 KiB/s   Receiving objects:  30% (1738/5695), 1.42 MiB | 565 KiB/s   Receiving objects:  31% (1766/5695), 1.42 MiB | 565 KiB/s   Receiving objects:  32% (1823/5695), 1.77 MiB | 588 KiB/s   Receiving objects:  33% (1880/5695), 1.77 MiB | 588 KiB/s   Receiving objects:  34% (1937/5695), 1.77 MiB | 588 KiB/s   Receiving objects:  34% (1975/5695), 2.14 MiB | 614 KiB/s   Receiving objects:  35% (1994/5695), 2.92 MiB | 649 KiB/s   Receiving objects:  36% (2051/5695), 2.92 MiB | 649 KiB/s   Receiving objects:  37% (2108/5695), 2.92 MiB | 649 KiB/s   Receiving objects:  38% (2165/5695), 2.92 MiB | 649 KiB/s   Receiving objects:  39% (2222/5695), 2.92 MiB | 649 KiB/s   Receiving objects:  40% (2278/5695), 2.92 MiB | 649 KiB/s   Receiving objects:  41% (2335/5695), 2.92 MiB | 649 KiB/s   Receiving objects:  42% (2392/5695), 2.92 MiB | 649 KiB/s   Receiving objects:  43% (2449/5695), 2.92 MiB | 649 KiB/s   Receiving objects:  44% (2506/5695), 2.92 MiB | 649 KiB/s   Receiving objects:  45% (2563/5695), 2.92 MiB | 649 KiB/s   Receiving objects:  46% (2620/5695), 2.92 MiB | 649 KiB/s   Receiving objects:  47% (2677/5695), 2.92 MiB | 649 KiB/s   Receiving objects:  48% (2734/5695), 2.92 MiB | 649 KiB/s   Receiving objects:  49% (2791/5695), 2.92 MiB | 649 KiB/s   Receiving objects:  50% (2848/5695), 2.92 MiB | 649 KiB/s   Receiving objects:  51% (2905/5695), 2.92 MiB | 649 KiB/s   Receiving objects:  52% (2962/5695), 2.92 MiB | 649 KiB/s   Receiving objects:  52% (2979/5695), 3.34 MiB | 708 KiB/s   Receiving objects:  53% (3019/5695), 3.84 MiB | 746 KiB/s   Receiving objects:  54% (3076/5695), 3.84 MiB | 746 KiB/s   Receiving objects:  55% (3133/5695), 3.84 MiB | 746 KiB/s   Receiving objects:  55% (3166/5695), 4.27 MiB | 779 KiB/s   Receiving objects:  56% (3190/5695), 4.27 MiB | 779 KiB/s   Receiving objects:  57% (3247/5695), 4.66 MiB | 799 KiB/s   Receiving objects:  58% (3304/5695), 4.66 MiB | 799 KiB/s   Receiving objects:  59% (3361/5695), 4.66 MiB | 799 KiB/s   Receiving objects:  60% (3417/5695), 4.66 MiB | 799 KiB/s   Receiving objects:  61% (3474/5695), 4.66 MiB | 799 KiB/s   Receiving objects:  62% (3531/5695), 4.66 MiB | 799 KiB/s   Receiving objects:  63% (3588/5695), 4.66 MiB | 799 KiB/s   Receiving objects:  64% (3645/5695), 4.66 MiB | 799 KiB/s   Receiving objects:  65% (3702/5695), 4.66 MiB | 799 KiB/s   Receiving objects:  66% (3759/5695), 4.66 MiB | 799 KiB/s   Receiving objects:  67% (3816/5695), 4.66 MiB | 799 KiB/s   Receiving objects:  67% (3819/5695), 4.66 MiB | 799 KiB/s   Receiving objects:  68% (3873/5695), 4.66 MiB | 799 KiB/s   Receiving objects:  69% (3930/5695), 4.66 MiB | 799 KiB/s   Receiving objects:  70% (3987/5695), 4.66 MiB | 799 KiB/s   Receiving objects:  71% (4044/5695), 4.66 MiB | 799 KiB/s   Receiving objects:  72% (4101/5695), 4.66 MiB | 799 KiB/s   Receiving objects:  73% (4158/5695), 4.66 MiB | 799 KiB/s   Receiving objects:  74% (4215/5695), 4.66 MiB | 799 KiB/s   Receiving objects:  75% (4272/5695), 4.66 MiB | 799 KiB/s   Receiving objects:  76% (4329/5695), 4.66 MiB | 799 KiB/s   Receiving objects:  77% (4386/5695), 4.66 MiB | 799 KiB/s   Receiving objects:  78% (4443/5695), 4.66 MiB | 799 KiB/s   Receiving objects:  79% (4500/5695), 4.66 MiB | 799 KiB/s   Receiving objects:  80% (4556/5695), 4.66 MiB | 799 KiB/s   Receiving objects:  81% (4613/5695), 5.10 MiB | 826 KiB/s   Receiving objects:  82% (4670/5695), 5.10 MiB | 826 KiB/s   Receiving objects:  83% (4727/5695), 5.10 MiB | 826 KiB/s   Receiving objects:  84% (4784/5695), 5.10 MiB | 826 KiB/s   Receiving objects:  85% (4841/5695), 5.10 MiB | 826 KiB/s   Receiving objects:  86% (4898/5695), 5.10 MiB | 826 KiB/s   Receiving objects:  87% (4955/5695), 5.10 MiB | 826 KiB/s   Receiving objects:  88% (5012/5695), 5.10 MiB | 826 KiB/s   Receiving objects:  89% (5069/5695), 5.10 MiB | 826 KiB/s   Receiving objects:  90% (5126/5695), 5.10 MiB | 826 KiB/s   Receiving objects:  91% (5183/5695), 5.10 MiB | 826 KiB/s   Receiving objects:  92% (5240/5695), 5.10 MiB | 826 KiB/s   Receiving objects:  93% (5297/5695), 5.10 MiB | 826 KiB/s   Receiving objects:  94% (5354/5695), 5.10 MiB | 826 KiB/s   Receiving objects:  95% (5411/5695), 5.10 MiB | 826 KiB/s   Receiving objects:  96% (5468/5695), 5.10 MiB | 826 KiB/s   Receiving objects:  97% (5525/5695), 5.10 MiB | 826 KiB/s   Receiving objects:  98% (5582/5695), 5.10 MiB | 826 KiB/s   Receiving objects:  99% (5639/5695), 5.10 MiB | 826 KiB/s   remote: Total 5695 (delta 3455), reused 5414 (delta 3227)
Receiving objects: 100% (5695/5695), 5.10 MiB | 826 KiB/s   Receiving objects: 100% (5695/5695), 5.48 MiB | 841 KiB/s, done.
Resolving deltas:   0% (0/3455)   Resolving deltas:   5% (192/3455)   Resolving deltas:   6% (217/3455)   Resolving deltas:   7% (242/3455)   Resolving deltas:   9% (327/3455)   Resolving deltas:  10% (348/3455)   Resolving deltas:  13% (453/3455)   Resolving deltas:  14% (489/3455)   Resolving deltas:  16% (555/3455)   Resolving deltas:  17% (588/3455)   Resolving deltas:  18% (627/3455)   Resolving deltas:  19% (666/3455)   Resolving deltas:  21% (747/3455)   Resolving deltas:  22% (791/3455)   Resolving deltas:  23% (803/3455)   Resolving deltas:  24% (835/3455)   Resolving deltas:  25% (877/3455)   Resolving deltas:  28% (999/3455)   Resolving deltas:  31% (1079/3455)   Resolving deltas:  34% (1187/3455)   Resolving deltas:  36% (1274/3455)   Resolving deltas:  37% (1287/3455)   Resolving deltas:  38% (1317/3455)   Resolving deltas:  39% (1351/3455)   Resolving deltas:  40% (1386/3455)   Resolving deltas:  41% (1418/3455)   Resolving deltas:  44% (1528/3455)   Resolving deltas:  48% (1664/3455)   Resolving deltas:  50% (1739/3455)   Resolving deltas:  51% (1783/3455)   Resolving deltas:  52% (1799/3455)   Resolving deltas:  53% (1834/3455)   Resolving deltas:  54% (1866/3455)   Resolving deltas:  55% (1915/3455)   Resolving deltas:  57% (1972/3455)   Resolving deltas:  62% (2153/3455)   Resolving deltas:  65% (2266/3455)   Resolving deltas:  66% (2294/3455)   Resolving deltas:  67% (2318/3455)   Resolving deltas:  68% (2372/3455)   Resolving deltas:  69% (2385/3455)   Resolving deltas:  70% (2425/3455)   Resolving deltas:  72% (2521/3455)   Resolving deltas:  73% (2525/3455)   Resolving deltas:  74% (2557/3455)   Resolving deltas:  76% (2643/3455)   Resolving deltas:  85% (2965/3455)   Resolving deltas:  87% (3035/3455)   Resolving deltas:  91% (3174/3455)   Resolving deltas:  92% (3179/3455)   Resolving deltas:  93% (3214/3455)   Resolving deltas:  94% (3257/3455)   Resolving deltas:  95% (3283/3455)   Resolving deltas:  98% (3389/3455)   Resolving deltas:  99% (3452/3455)   Resolving deltas: 100% (3455/3455)   Resolving deltas: 100% (3455/3455), done.
pi@raspberrypi ~/rPiDownloader $ sudo mv 
.git/                headphones/          install.conf.sample  install.sh           
.gitignore           install.conf         install.log          README.md            
pi@raspberrypi ~/rPiDownloader $ sudo mv headphones/ /usr/olocal/couchpoheadphones
pi@raspberrypi ~/rPiDownloader $ ls /usr/local/
bin  couchpotato  etc  games  headphones  include  lib  man  sbin  share  src
pi@raspberrypi ~/rPiDownloader $ hls /usr/local/headphones/
API_REFERENCE  COPYING  headphones     init.fedora.centos.systemd  init.osx        init.ubuntu  mako
cherrypy       data     Headphones.py  init.freebsd                init.solaris11  lib          README.md
pi@raspberrypi ~/rPiDownloader $ sudo chown -R headphones:nzb /usr/local/headphones/
pi@raspberrypi ~/rPiDownloader $ mkdir -p sudo /var/headphones
pi@raspberrypi ~/rPiDownloader $ sudo chonwn -R /var/heals /var
backups  cache  couchpotato  headphones  lib  local  lock  log  mail  multimedia  opt  run  spool  swap  tmp
pi@raspberrypi ~/rPiDownloader $ sudo chown -R headphones:nzb /var/headphones/
pi@raspberrypi ~/rPiDownloader $ ls
install.conf  install.conf.sample  install.log  install.sh  README.md
pi@raspberrypi ~/rPiDownloader $ ls /vusr/local/headphones/
API_REFERENCE  COPYING  headphones     init.fedora.centos.systemd  init.osx        init.ubuntu  mako
cherrypy       data     Headphones.py  init.freebsd                init.solaris11  lib          README.md
pi@raspberrypi ~/rPiDownloader $ ls /usr/local/headphones/init.ubuntu es
#! /bin/sh

### BEGIN INIT INFO
# Provides:          headphones
# Required-Start:    $local_fs $network $remote_fs
# Required-Stop:     $local_fs $network $remote_fs
# Should-Start:      $NetworkManager
# Should-Stop:       $NetworkManager
# Default-Start:     2 3 4 5
# Default-Stop:      0 1 6
# Short-Description: starts instance of Headphones
# Description:       starts instance of Headphones using start-stop-daemon
### END INIT INFO

############### EDIT ME ##################
# path to app
APP_PATH=/usr/local/sbin/headphones

# path to python bin
DAEMON=/usr/bin/python

# startup args
DAEMON_OPTS=" Headphones.py -q"

# script name
NAME=headphones

# app name
DESC=headphones

# user
RUN_AS=root

PID_FILE=/var/run/headphones.pid

############### END EDIT ME ##################

test -x $DAEMON || exit 0

set -e

/usr/local/headphones/init.ubuntucase "$1" in
  start)
        echo "Starting $DESC"
        start-stop-daemon -d $APP_PATH -c $RUN_AS --start --background --pidfile $PID_FILE  --make-pidfile -- exec $DAEMON -- $DAEMON_OPTS
        ;;
  stop)
        echo "Stopping $DESC"
        start-stop-daemon --stop --pidfile $PID_FILE
        ;;

  restart|force-reload)
        echo "Restarting $DESC"
        start-stop-daemon --stop --pidfile $PID_FILE
        sleep 15
        start-stop-daemon -d $APP_PATH -c $RUN_AS --start --background --pidfile $PID_FILE  --make-pidfile -- exec $DAEMON -- $DAEMON_OPTS
        ;;
  *)
        N=/etc/init.d/$NAME
        echo "Usage: $N {start|stop|restart|force-reload}" >&2
        exit 1
        ;;
esac

exit 0
(END)pi@raspberrypi ~/rPiDownloader $ statrt-st
start-statd        start-stop-daemon  
pi@raspberrypi ~/rPiDownloader $ start-stop-daemon less /usr/local/headphones/init.ubuntus /usr/local/headphones/ess /usr/local/headphones/init.ubuntu 
#! /bin/sh

### BEGIN INIT INFO
# Provides:          headphones
# Required-Start:    $local_fs $network $remote_fs
# Required-Stop:     $local_fs $network $remote_fs
# Should-Start:      $NetworkManager
# Should-Stop:       $NetworkManager
# Default-Start:     2 3 4 5
# Default-Stop:      0 1 6
# Short-Description: starts instance of Headphones
# Description:       starts instance of Headphones using start-stop-daemon
### END INIT INFO

############### EDIT ME ##################
# path to app
APP_PATH=/usr/local/sbin/headphones

# path to python bin
DAEMON=/usr/bin/python

# startup args
DAEMON_OPTS=" Headphones.py -q"

# script name
NAME=headphones

# app name
DESC=headphones

# user
RUN_AS=root

PID_FILE=/var/run/headphones.pid

############### END EDIT ME ##################

test -x $DAEMON || exit 0

set -e

/usr/local/headphones/init.ubuntu ESCESCOOBBcase "$1" in
: ESCESCOOBB  start)
: ESCESCOOBB        echo "Starting $DESC"
: ESCESCOOBB        start-stop-daemon -d $APP_PATH -c $RUN_AS --start --background --pidfile $PID_FILE  --make-pidfile -- : ESCESCOOBBexec $DAEMON -- $DAEMON_OPTS
: ESCESCOOBB        ;;
: ESCESCOOBB  stop)
: ESCESCOOBB        echo "Stopping $DESC"
: ESCESCOOBB        start-stop-daemon --stop --pidfile $PID_FILE
: ESCESCOOBB        ;;
: ESCESCOOBB
: ESCESCOOBB  restart|force-reload)
: ESCESCOOBB        echo "Restarting $DESC"
: ESCESCOOBB        start-stop-daemon --stop --pidfile $PID_FILE
: ESCESCOOBB        sleep 15
: ESCESCOOBB        start-stop-daemon -d $APP_PATH -c $RUN_AS --start --background --pidfile $PID_FILE  --make-pidfile -- : ESCESCOOBBexec $DAEMON -- $DAEMON_OPTS
: ESCESCOOBB        ;;
: ESCESCOOBB  *)
: ESCESCOOBB        N=/etc/init.d/$NAME
: ESCESCOOBB        echo "Usage: $N {start|stop|restart|force-reload}" >&2
: ESCESCOOBB        exit 1
: ESCESCOOBB        ;;
:esac

exit 0
(END)pi@raspberrypi ~/rPiDownloader $ sudo cp /etc/init.d/d/headphonesnano /etc/init.d/headphones/etc/init.d/headphones /etc/init.d/headphones
  GNU nano 2.2.6                   File: /etc/init.d/headphones                                              [ New File ]^G Get Help^O WriteOut^R Read File^Y Prev Page^K Cut Text^C Cur Pos^X Exit^J Justify^W Where Is^V Next Page^U UnCut Text     ^T To SpellModified#!/bin/sh### BEGIN INIT INFO# Provides:Headphones# Required-Start:    $network $remote_fs $syslog# Required-Stop:     $network $remote_fs $syslog# Default-Start:     2 3 4 5# Default-Stop:0 1 6# Short-Description: Start Headphones at boot time# Description:Start Headphones.### END INIT INFOcase "\$1" instart)  echo "Starting Headphones"start-stop-daemon -d ${headphones_installpath} -c ${headphones_username} --start --backgroun$;;stop)echo "Stopping Headphones."start-stop-daemon --stop --pidfile /var/run/headphones.pid;;restart)echo "Restarting Headphones"start-stop-daemon --stop --pidfile /var/run/headphones.pidsleep 15start-stop-daemon -d ${headphones_installpath} -c ${headphones_username} --start --background --pidf$*)echo "Usage: \$0 {start|stop|restart}"exit 1esacEOFcase "\start-stop-daemon -d u${headphones_installpath} -c ${headphones_username} --start --backgrous${headphones_installpath} -c ${headphones_username} --start --backgror${headphones_installpath} -c ${headphones_username} --start --backgr${headphones_installpath} -c ${headphones_username} --start --backgro${headphones_installpath} -c ${headphones_username} --start --backgrou${headphones_installpath} -c ${headphones_username} --start --backgroun/${headphones_installpath} -c ${headphones_username} --start --backgrouu${headphones_installpath} -c ${headphones_username} --start --backgros${headphones_installpath} -c ${headphones_username} --start --backgrr${headphones_installpath} -c ${headphones_username} --start --backg/${headphones_installpath} -c ${headphones_username} --start --backl${headphones_installpath} -c ${headphones_username} --start --baco${headphones_installpath} -c ${headphones_username} --start --bac${headphones_installpath} -c ${headphones_username} --start --ba${headphones_installpath} -c ${headphones_username} --start --l${headphones_installpath} -c ${headphones_username} --start /${headphones_installpath} -c ${headphones_username} --start h${headphones_installpath} -c ${headphones_username} --starto${headphones_installpath} -c ${headphones_username} --star${headphones_installpath} -c ${headphones_username} --starte${headphones_installpath} -c ${headphones_username} --stara${headphones_installpath} -c ${headphones_username} --stad${headphones_installpath} -c ${headphones_username} --stp${headphones_installpath} -c ${headphones_username} --sh${headphones_installpath} -c ${headphones_username} --o${headphones_installpath} -c ${headphones_username} n${headphones_installpath} -c ${headphones_username} e${headphones_installpath} -c ${headphones_username}s${headphones_installpath} -c ${headphones_username{headphones_installpath} -c ${headphones_username}headphones_installpath} -c ${headphones_username} eadphones_installpath} -c ${headphones_username} -adphones_installpath} -c ${headphones_username} -dphones_installpath} -c ${headphones_username} --sphones_installpath} -c ${headphones_username} --sthones_installpath} -c ${headphones_username} --staones_installpath} -c ${headphones_username} --starnes_installpath} -c ${headphones_username} --startes_installpath} -c ${headphones_username} --start s_installpath} -c ${headphones_username} --start -_installpath} -c ${headphones_username} --start -installpath} -c ${headphones_username} --start --bnstallpath} -c ${headphones_username} --start --bastallpath} -c ${headphones_username} --start --bactallpath} -c ${headphones_username} --start --backallpath} -c ${headphones_username} --start --backgllpath} -c ${headphones_username} --start --backgrlpath} -c ${headphones_username} --start --backgropath} -c ${headphones_username} --start --backgrouath} -c ${headphones_username} --start --backgrounth} -c ${headphones_username} --start --backgroundh} -c ${headphones_username} --start --background } -c ${headphones_username} --start --background - -c ${headphones_username} --start --background - -c h${headphones_username} --start --background e${headphones_username} --start --background a${headphones_username} --start --backgroundd${headphones_username} --start --backgrounp${headphones_username} --start --backgrouh${headphones_username} --start --backgroo${headphones_username} --start --backgrn${headphones_username} --start --backge${headphones_username} --start --backs${headphones_username} --start --bac{headphones_username} --start --backheadphones_username} --start --backgeadphones_username} --start --backgradphones_username} --start --backgrodphones_username} --start --backgrouphones_username} --start --backgrounhones_username} --start --backgroundones_username} --start --background nes_username} --start --background -es_username} --start --background -s_username} --start --background --p_username} --start --background --piusername} --start --background --pidsername} --start --background --pidfername} --start --background --pidfirname} --start --background --pidfilname} --start --background --pidfileame} --start --background --pidfile me} --start --background --pidfile /e} --start --background --pidfile /v} --start --background --pidfile /va --start --background --pidfile /var --start --background --pidfile /va$e /var/run/headphones.pid  --make-pidfile --exec /usr/bin/python -- Headphones.py -q/run/headphones.pid  --make-pidfile --exec /usr/bin/python  start-stop-daemon -d /usr/local/headphones -c headphones --start --background --pidfile /var$        start-stop-daemon -d ${/${headphones_installpath} -c ${headphones_username} --start --background --pidv${headphones_installpath} -c ${headphones_username} --start --background --pia${headphones_installpath} -c ${headphones_username} --start --background --p${headphones_installpath} -c ${headphones_username} --start --background --pi${headphones_installpath} -c ${headphones_username} --start --background --pidu${headphones_installpath} -c ${headphones_username} --start --background --pis${headphones_installpath} -c ${headphones_username} --start --background --pr${headphones_installpath} -c ${headphones_username} --start --background --/${headphones_installpath} -c ${headphones_username} --start --background l${headphones_installpath} -c ${headphones_username} --start --background o${headphones_installpath} -c ${headphones_username} --start --backgroundc${headphones_installpath} -c ${headphones_username} --start --backgrouna${headphones_installpath} -c ${headphones_username} --start --backgroul${headphones_installpath} -c ${headphones_username} --start --backgro/${headphones_installpath} -c ${headphones_username} --start --backgrh${headphones_installpath} -c ${headphones_username} --start --backge${headphones_installpath} -c ${headphones_username} --start --backa${headphones_installpath} -c ${headphones_username} --start --bacd${headphones_installpath} -c ${headphones_username} --start --bap${headphones_installpath} -c ${headphones_username} --start --bh${headphones_installpath} -c ${headphones_username} --start --o${headphones_installpath} -c ${headphones_username} --start n${headphones_installpath} -c ${headphones_username} --start e${headphones_installpath} -c ${headphones_username} --starts${headphones_installpath} -c ${headphones_username} --star{headphones_installpath} -c ${headphones_username} --startheadphones_installpath} -c ${headphones_username} --start eadphones_installpath} -c ${headphones_username} --start -adphones_installpath} -c ${headphones_username} --start -dphones_installpath} -c ${headphones_username} --start --bphones_installpath} -c ${headphones_username} --start --bahones_installpath} -c ${headphones_username} --start --bacones_installpath} -c ${headphones_username} --start --backnes_installpath} -c ${headphones_username} --start --backges_installpath} -c ${headphones_username} --start --backgrs_installpath} -c ${headphones_username} --start --backgro_installpath} -c ${headphones_username} --start --backgrouinstallpath} -c ${headphones_username} --start --backgrounnstallpath} -c ${headphones_username} --start --backgroundstallpath} -c ${headphones_username} --start --background tallpath} -c ${headphones_username} --start --background -allpath} -c ${headphones_username} --start --background -llpath} -c ${headphones_username} --start --background --plpath} -c ${headphones_username} --start --background --pipath} -c ${headphones_username} --start --background --pidath} -c ${headphones_username} --start --background --pidfth} -c ${headphones_username} --start --background --pidfih} -c ${headphones_username} --start --background --pidfil} -c ${headphones_username} --start --background --pidfile -c ${headphones_username} --start --background --pidfile  -c h${headphones_username} --start --background --pidfilee${headphones_username} --start --background --pidfila${headphones_username} --start --background --pidfid${headphones_username} --start --background --pidfp${headphones_username} --start --background --pidh${headphones_username} --start --background --pio${headphones_username} --start --background --pn${headphones_username} --start --background --e${headphones_username} --start --background s${headphones_username} --start --background {headphones_username} --start --background -headphones_username} --start --background -eadphones_username} --start --background --padphones_username} --start --background --pidphones_username} --start --background --pidphones_username} --start --background --pidfhones_username} --start --background --pidfiones_username} --start --background --pidfilnes_username} --start --background --pidfilees_username} --start --background --pidfile s_username} --start --background --pidfile /_username} --start --background --pidfile /vusername} --start --background --pidfile /vasername} --start --background --pidfile /varername} --start --background --pidfile /var/rname} --start --background --pidfile /var/rname} --start --background --pidfile /var/ruame} --start --background --pidfile /var/runme} --start --background --pidfile /var/run/e} --start --background --pidfile /var/run/h} --start --background --pidfile /var/run/he --start --background --pidfile /var/run/hea --start --background --pidfile /$un/headphones.pid  --make-pidfile --exec /usr/bin/python -- Headphones.py -q start-stop-daemon -d /usr/local/headphones -c headphones --start --background --pidfile /var/run/hea$echo "Usage: \Save modified buffer (ANSWERING "No" WILL DESTROY CHANGES) ?                                                  Y Yes N No  ^C CancelFile Name to Write: /etc/init.d/headphones                  ^G Get HelpM-D DOS FormatM-A AppendM-B Backup File^C Cancel           M-M Mac FormatM-P Prepend        #!/bin/sh### BEGIN INIT INFO# Provides:          Headphones# Required-Start:    $network $remote_fs $syslog# Required-Stop:     $network $remote_fs $syslog# Default-Start:     2 3 4 5# Default-Stop:      0 1 6# Short-Description: Start Headphones at boot time# Description:       Start Headphones.### END INIT INFOcase "$1" in)echo "Starting Headphones"-dlocal;;)echo "Stopping Headphones.";;)echo "Restarting Headphones"-dlocal)echo "Usage: $0 {start|stop|restart}"exitesac [ Wrote 31 lines ]pi@raspberrypi ~/rPiDownloader $ 
pi@raspberrypi ~/rPiDownloader $ 
pi@raspberrypi ~/rPiDownloader $ ls
install.conf  install.conf.sample  install.log  install.sh  README.md
pi@raspberrypi ~/rPiDownloader $ sudo chmod 755 /etc/init.d/headphones 
pi@raspberrypi ~/rPiDownloader $ sudo update-rc.d headphones defaults
update-rc.d: using dependency based boot sequencing
pi@raspberrypi ~/rPiDownloader $ ls
install.conf  install.conf.sample  install.log  install.sh  README.md
pi@raspberrypi ~/rPiDownloader $ sudo /etc/init.d/headphones start
/etc/init.d/headphones: 26: /etc/init.d/headphones: Syntax error: ")" unexpected (expecting ";;")
pi@raspberrypi ~/rPiDownloader $ sudo /etc/init.d/headphones startlssudo update-rc.d headphones defaultschmod 755 /etc/init.d/headphones lssudo nano /etc/init.d/headphones
  GNU nano 2.2.6                   File: /etc/init.d/headphones                                              #!/bin/sh### BEGIN INIT INFO# Provides:          Headphones# Required-Start:    $network $remote_fs $syslog# Required-Stop:     $network $remote_fs $syslog# Default-Start:     2 3 4 5# Default-Stop:      0 1 6# Short-Description: Start Headphones at boot time# Description:       Start Headphones.### END INIT INFOcase "$1" instart)echo "Starting Headphones"start-stop-daemon -d /usr/local/headphones -c headphones --start --background --pidfile /var$;;stop)echo "Stopping Headphones."start-stop-daemon --stop --pidfile /var/run/headphones.pid;;restart)echo "Restarting Headphones"start-stop-daemon --stop --pidfile /var/run/headphones.pidsleep 15start-stop-daemon -d /usr/local/headphones -c headphones --start --background --pidfile /var/run/hea$*)echo "Usage: $0 {start|stop|restart}"exit 1esacEOF[ Read 31 lines ]^G Get Help^O WriteOut^R Read File^Y Prev Page^K Cut Text^C Cur Pos^X Exit^J Justify^W Where Is^V Next Page^U UnCut Text     ^T To SpellModified echo "Restarting Headphones" start-stop-daemon --stop --pidfile /var/run/headphones.pid sleep 15 start-stop-daemon -d /usr/local/headphones -c headphones --start --background --pidfile /var$e /var/run/headphones.pid  --make-pidfile --exec /usr/bin/python -- Headphones.py -q start-stop-daemon -d /usr/local/headphones -c headphones --start --background --pidfile /var$  ;;Save modified buffer (ANSWERING "No" WILL DESTROY CHANGES) ?                                                  Y Yes N No  ^C CancelFile Name to Write: /etc/init.d/headphones                  ^G Get HelpM-D DOS FormatM-A AppendM-B Backup File^C Cancel           M-M Mac FormatM-P Prepend         [ Wrote 32 lines ]pi@raspberrypi ~/rPiDownloader $ lssudo nano /etc/init.d/headphones/etc/init.d/headphones start
Starting Headphones
/etc/init.d/headphones: 31: /etc/init.d/headphones: EOF: not found
pi@raspberrypi ~/rPiDownloader $ sudo /etc/init.d/headphones startnano /etc/init.d/headphones
  GNU nano 2.2.6                   File: /etc/init.d/headphones                                              #!/bin/sh### BEGIN INIT INFO# Provides:          Headphones# Required-Start:    $network $remote_fs $syslog# Required-Stop:     $network $remote_fs $syslog# Default-Start:     2 3 4 5# Default-Stop:      0 1 6# Short-Description: Start Headphones at boot time# Description:       Start Headphones.### END INIT INFOcase "$1" instart)echo "Starting Headphones"start-stop-daemon -d /usr/local/headphones -c headphones --start --background --pidfile /var$;;stop)echo "Stopping Headphones."start-stop-daemon --stop --pidfile /var/run/headphones.pid;;restart)echo "Restarting Headphones"start-stop-daemon --stop --pidfile /var/run/headphones.pidsleep 15start-stop-daemon -d /usr/local/headphones -c headphones --start --background --pidfile /var$;;*)echo "Usage: $0 {start|stop|restart}"exit 1esacEOF[ Read 32 lines ]^G Get Help^O WriteOut^R Read File^Y Prev Page^K Cut Text^C Cur Pos^X Exit^J Justify^W Where Is^V Next Page^U UnCut Text     ^T To SpellFile Name to Write: /etc/init.d/headphones                                                                            M-D DOS Format       M-A Append           M-B Backup FileC Cancel         M-M Mac Format      M-P Prepend [DOS Format]: /etc/init.d/headphones: /etc/init.d/headphones               GNU nano 2.2.6                   File: /etc/init.d/headphones                                              #!/bin/sh### BEGIN INIT INFO# Provides:          Headphones# Required-Start:    $network $remote_fs $syslog# Required-Stop:     $network $remote_fs $syslog# Default-Start:     2 3 4 5# Default-Stop:      0 1 6# Short-Description: Start Headphones at boot time# Description:       Start Headphones.### END INIT INFOcase "$1" instart)echo "Starting Headphones"start-stop-daemon -d /usr/local/headphones -c headphones --start --background --pidfile /var$;;stop)echo "Stopping Headphones."start-stop-daemon --stop --pidfile /var/run/headphones.pid;;restart)echo "Restarting Headphones"start-stop-daemon --stop --pidfile /var/run/headphones.pidsleep 15start-stop-daemon -d /usr/local/headphones -c headphones --start --background --pidfile /var$;;*)echo "Usage: $0 {start|stop|restart}"exit 1esacEOFFile Name to Write: /etc/init.d/headphones                                                                   ^G Get HelpM-D DOS FormatM-A AppendM-B Backup File^C CancelM-M Mac FormatM-P Prepend  GNU nano 2.2.6                   File: /etc/init.d/headphones                                              #!/bin/sh### BEGIN INIT INFO# Provides:          Headphones# Required-Start:    $network $remote_fs $syslog# Required-Stop:     $network $remote_fs $syslog# Default-Start:     2 3 4 5# Default-Stop:      0 1 6# Short-Description: Start Headphones at boot time# Description:       Start Headphones.### END INIT INFOcase "$1" instart)echo "Starting Headphones"start-stop-daemon -d /usr/local/headphones -c headphones --start --background --pidfile /var$;;stop)echo "Stopping Headphones."start-stop-daemon --stop --pidfile /var/run/headphones.pid;;restart)echo "Restarting Headphones"start-stop-daemon --stop --pidfile /var/run/headphones.pidsleep 15start-stop-daemon -d /usr/local/headphones -c headphones --start --background --pidfile /var$;;*)echo "Usage: $0 {start|stop|restart}"exit 1esacEOFFile Name to Write: /etc/init.d/headphones                                                                   ^G Get HelpM-D DOS FormatM-A AppendM-B Backup File^C CancelM-M Mac FormatM-P Prepend                       File: /etc/init.d/headphones                                                                    /run/headphones.pid  --make-pidfile --exec /usr/bin/python -- Headph$/run/headphones.pid  --make-pidfile --exec /usr/bin/python -- Headph$^G Get Help^O WriteOut^R Read File^Y Prev Page^K Cut Text^C Cur Pos^X Exit^J Justify^W Where Is^V Next Page^U UnCut Text^T To SpellModifiedEOF  Save modified buffer (ANSWERING "No" WILL DESTROY CHANGES) ?                                                                                                                      Y Yes N No  ^C CancelFile Name to Write: /etc/init.d/headphones                  ^G Get HelpM-D DOS FormatM-A AppendM-B Backup File^C Cancel         M-M Mac FormatM-P Prepend         [ Wrote 30 lines ]pi@raspberrypi ~/rPiDownloader $ sudo nano /etc/init.d/headphones/etc/init.d/headphones start
Starting Headphones
/usr/bin/python already running.
pi@raspberrypi ~/rPiDownloader $ ps aux
^C
pi@raspberrypi ~/rPiDownloader $ ps aux|grep headphones
pi       13074  0.0  0.4   3504   804 pts/0    S+   10:48   0:00 grep --color=auto headphones
pi@raspberrypi ~/rPiDownloader $ ps aux|grep headphoneseadphonesheadphones
pi       13076  0.0  0.4   3504   804 pts/0    S+   10:48   0:00 grep --color=auto headphones
pi@raspberrypi ~/rPiDownloader $ ps aux|grep headphoneseadphonesheadphoneseadphonesHeadphones
998      13044 22.9  9.3 120904 17668 ?        Sl   10:47   0:12 /usr/bin/python Headphones.py -q
pi       13078  0.0  0.4   3504   804 pts/0    S+   10:48   0:00 grep --color=auto Headphones
pi@raspberrypi ~/rPiDownloader $ ps aux|grep Headphonesheadphonessudo /etc/init.d/headphones startps auxls
install.conf  install.conf.sample  install.log  install.sh  README.md
pi@raspberrypi ~/rPiDownloader $ c[ p /usr/local/headphones/
API_REFERENCE               data/                       headphones.db               init.osx                    logs/                       
cache/                      .git/                       Headphones.py               init.solaris11              mako/                       
cherrypy/                   .gitignore                  init.fedora.centos.systemd  init.ubuntu                 README.md                   
COPYING                     headphones/                 init.freebsd                lib/                        
pi@raspberrypi ~/rPiDownloader $ cp /usr/local/headphones/headphones
headphones/    headphones.db  
pi@raspberrypi ~/rPiDownloader $ cp /usr/local/headphones/headphonesdata/
css/        images/     interfaces/ js/         
pi@raspberrypi ~/rPiDownloader $ cp /usr/local/headphones/data/lsps aux|grep Headphonesheadphonessudo /etc/init.d/headphones startnano /etc/init.d/headphones
  GNU nano 2.2.6                                          File: /etc/init.d/headphones                                                                                           #!/bin/sh### BEGIN INIT INFO# Provides:          Headphones# Required-Start:    $network $remote_fs $syslog# Required-Stop:     $network $remote_fs $syslog# Default-Start:     2 3 4 5# Default-Stop:      0 1 6# Short-Description: Start Headphones at boot time# Description:       Start Headphones.### END INIT INFOcase "$1" instart)echo "Starting Headphones"start-stop-daemon -d /usr/local/headphones -c headphones --start --background --pidfile /var/run/headphones.pid  --make-pidfile --exec /usr/bin/python -- Headph$;;stop)echo "Stopping Headphones."start-stop-daemon --stop --pidfile /var/run/headphones.pid;;restart)echo "Restarting Headphones"start-stop-daemon --stop --pidfile /var/run/headphones.pidsleep 15start-stop-daemon -d /usr/local/headphones -c headphones --start --background --pidfile /var/run/headphones.pid  --make-pidfile --exec /usr/bin/python -- Headph$;;*)echo "Usage: $0 {start|stop|restart}"exit 1esac[ Read 30 lines ]^G Get Help^O WriteOut^R Read File^Y Prev Page^K Cut Text^C Cur Pos^X Exit^J Justify^W Where Is^V Next Page^U UnCut Text^T To Spell$Headphones.py -qModified  --config  /var/headphones/headphones.iinini  ---d-datadir  /var/headphones start-stop-daemon -d /usr/local/headphones -c headphones --start --background --pidfile /var/run/headphones.pid  --make-pidfile --exec /usr/bin/python -- Headph$$Headphones.py -q--config /var/headphones/headphones.ini --datadir /var/headphones --config /var/headphones/headphones.ini --datadir /var/headphonesSave modified buffer (ANSWERING "No" WILL DESTROY CHANGES) ?                                                                                                                      Y Yes N No  ^C CancelFile Name to Write: /etc/init.d/headphones                  ^G Get HelpM-D DOS FormatM-A AppendM-B Backup File^C Cancel         M-M Mac FormatM-P Prepend         [ Wrote 30 lines ]pi@raspberrypi ~/rPiDownloader $ sudo nano /etc/init.d/headphoneslsps aux|grep Headphonesheadphonessudo /etc/init.d/headphones startop
Stopping Headphones.
pi@raspberrypi ~/rPiDownloader $ ps aux | grep Headp
pi       13149  0.0  0.4   3504   804 pts/0    S+   10:53   0:00 grep --color=auto Headp
pi@raspberrypi ~/rPiDownloader $ ps aux | grep Headpsudo /etc/init.d/headphones stopnano /etc/init.d/headphoneslssudo nano /etc/init.d/headphones/etc/init.d/headphones stopps aux | grep Headpsudo /etc/init.d/headphones stopart
Starting Headphones
pi@raspberrypi ~/rPiDownloader $ ls /var/headphones/
cache  headphones.db  headphones.db-journal  logs
pi@raspberrypi ~/rPiDownloader $ ls /var/headphones/
cache  headphones.db  logs
pi@raspberrypi ~/rPiDownloader $ ls /var/headphones/
cache  headphones.db  logs
pi@raspberrypi ~/rPiDownloader $ find / --namename config.ini
find: `/root': Permission denied
find: `/etc/ssl/private': Permission denied
find: `/var/spool/cron/crontabs': Permission denied
find: `/var/cache/ldconfig': Permission denied
find: `/var/lib/lightdm': Permission denied
find: `/var/lib/polkit-1': Permission denied
^C
pi@raspberrypi ~/rPiDownloader $ find / -name config.inisudo 
pi@raspberrypi ~/rPiDownloader $ sudo find / -name config.inils /var/headphones/sudo /etc/init.d/headphones startps aux | grep Headpsudo /etc/init.d/headphones stopnano /etc/init.d/headphones
  GNU nano 2.2.6                                          File: /etc/init.d/headphones                                                                                           #!/bin/sh### BEGIN INIT INFO# Provides:          Headphones# Required-Start:    $network $remote_fs $syslog# Required-Stop:     $network $remote_fs $syslog# Default-Start:     2 3 4 5# Default-Stop:      0 1 6# Short-Description: Start Headphones at boot time# Description:       Start Headphones.### END INIT INFOcase "$1" instart)echo "Starting Headphones"start-stop-daemon -d /usr/local/headphones -c headphones --start --background --pidfile /var/run/headphones.pid  --make-pidfile --exec /usr/bin/python -- Headph$;;stop)echo "Stopping Headphones."start-stop-daemon --stop --pidfile /var/run/headphones.pid;;restart)echo "Restarting Headphones"start-stop-daemon --stop --pidfile /var/run/headphones.pidsleep 15start-stop-daemon -d /usr/local/headphones -c headphones --start --background --pidfile /var/run/headphones.pid  --make-pidfile --exec /usr/bin/python -- Headph$;;*)echo "Usage: $0 {start|stop|restart}"exit 1esac[ Read 30 lines ]^G Get Help^O WriteOut^R Read File^Y Prev Page^K Cut Text^C Cur Pos^X Exit^J Justify^W Where Is^V Next Page^U UnCut Text^T To Spell$Headphones.py -q --config /var/headphones/headphones.ini --datadir /var/headphonespi@raspberrypi ~/rPiDownloader $ sudo tail /var/headphones/a
cache/          headphones.db   headphones.ini  logs/           
pi@raspberrypi ~/rPiDownloader $ sudo tail /var/headphones/logs/headphones.log 
19-Aug-2012 10:54:30 - INFO    :: MainThread : Headphones is restarting...
19-Aug-2012 10:54:30 - INFO    :: MainThread : Restarting Headphones with ['/usr/bin/python', '/usr/local/headphones/Headphones.py', '-q', '--config', '/var/headphones/headphones.ini', '--datadir', '/var/headphones', '--nolaunch']
19-Aug-2012 10:54:34 - INFO    :: MainThread : Checking to see if the database has all tables....
19-Aug-2012 10:54:35 - DEBUG   :: MainThread : Trying to execute: "git rev-parse HEAD" with shell in /usr/local/headphones
19-Aug-2012 10:54:35 - DEBUG   :: MainThread : Git output: 90bba9903a883eb65bc5ce1243feb7d6334a71f7

19-Aug-2012 10:54:35 - INFO    :: MainThread : Retrieving latest version information from github
19-Aug-2012 10:54:35 - INFO    :: MainThread : Comparing currently installed version with latest github version
19-Aug-2012 10:54:36 - INFO    :: MainThread : Headphones is up to date
19-Aug-2012 10:54:36 - INFO    :: MainThread : Starting Headphones on port: 8181
pi@raspberrypi ~/rPiDownloader $ sudo tail /var/headphones/logs/headphones.log nano /etc/init.d/headphones
  GNU nano 2.2.6                                          File: /etc/init.d/headphones                                                                                           #!/bin/sh### BEGIN INIT INFO# Provides:          Headphones# Required-Start:    $network $remote_fs $syslog# Required-Stop:     $network $remote_fs $syslog# Default-Start:     2 3 4 5# Default-Stop:      0 1 6# Short-Description: Start Headphones at boot time# Description:       Start Headphones.### END INIT INFOcase "$1" instart)echo "Starting Headphones"start-stop-daemon -d /usr/local/headphones -c headphones --start --background --pidfile /var/run/headphones.pid  --make-pidfile --exec /usr/bin/python -- Headph$;;stop)echo "Stopping Headphones."start-stop-daemon --stop --pidfile /var/run/headphones.pid;;restart)echo "Restarting Headphones"start-stop-daemon --stop --pidfile /var/run/headphones.pidsleep 15start-stop-daemon -d /usr/local/headphones -c headphones --start --background --pidfile /var/run/headphones.pid  --make-pidfile --exec /usr/bin/python -- Headph$;;*)echo "Usage: $0 {start|stop|restart}"exit 1esac[ Read 30 lines ]^G Get Help^O WriteOut^R Read File^Y Prev Page^K Cut Text^C Cur Pos^X Exit^J Justify^W Where Is^V Next Page^U UnCut Text^T To Spell$Headphones.py -q --config /var/headphones/headphones.ini --datadir /var/headphonesModifiedini- start-stop-daemon -d /usr/local/headphones -c headphones --start --background --pidfile /var/run/headphones.pid  --make-pidfile --exec /usr/bin/python -- Headph$$Headphones.py -q --config /var/headphones/headphones.ini --datadir /var/headphones  Save modified buffer (ANSWERING "No" WILL DESTROY CHANGES) ?                                                                                                                      Y Yes N No  ^C CancelFile Name to Write: /etc/init.d/headphones                  ^G Get HelpM-D DOS FormatM-A AppendM-B Backup File^C Cancel         M-M Mac FormatM-P Prepend         [ Wrote 30 lines ]pi@raspberrypi ~/rPiDownloader $ sudo nano /etc/init.d/headphonestail /var/headphones/logs/headphones.log nano /etc/init.d/headphonesfind / -name config.inils /var/headphones/sudo /etc/init.d/headphones startrestart
Restarting Headphones
start-stop-daemon: warning: failed to kill 13154: No such process
1 pids were not killed
No process in pidfile '/var/run/headphones.pid' found running; none killed.

pi@raspberrypi ~/rPiDownloader $ 
pi@raspberrypi ~/rPiDownloader $ ls /var/couchpotato//headphones/
cache  headphones.db  headphones.ini  logs
pi@raspberrypi ~/rPiDownloader $ ls /var/headphones/sudo /etc/init.d/headphones restartnano /etc/init.d/headphones
  GNU nano 2.2.6                                          File: /etc/init.d/headphones                                                                                           #!/bin/sh### BEGIN INIT INFO# Provides:          Headphones# Required-Start:    $network $remote_fs $syslog# Required-Stop:     $network $remote_fs $syslog# Default-Start:     2 3 4 5# Default-Stop:      0 1 6# Short-Description: Start Headphones at boot time# Description:       Start Headphones.### END INIT INFOcase "$1" instart)echo "Starting Headphones"start-stop-daemon -d /usr/local/headphones -c headphones --start --background --pidfile /var/run/headphones.pid  --make-pidfile --exec /usr/bin/python -- Headph$;;stop)echo "Stopping Headphones."start-stop-daemon --stop --pidfile /var/run/headphones.pid;;restart)echo "Restarting Headphones"start-stop-daemon --stop --pidfile /var/run/headphones.pidsleep 15start-stop-daemon -d /usr/local/headphones -c headphones --start --background --pidfile /var/run/headphones.pid  --make-pidfile --exec /usr/bin/python -- Headph$;;*)echo "Usage: $0 {start|stop|restart}"exit 1esac[ Read 30 lines ]^G Get Help^O WriteOut^R Read File^Y Prev Page^K Cut Text^C Cur Pos^X Exit^J Justify^W Where Is^V Next Page^U UnCut Text^T To Spell$Headphones.py -q --datadir /var/headphonesModified---datadir /var/headphones----datadir /var/headphonesc--datadir /var/headphoneso--datadir /var/headphonesn--datadir /var/headphonesf--datadir /var/headphonesi--datadir /var/headphones --datadir /var/headphonesg--datadir /var/headphones --datadir /var/headphones/--datadir /var/headphonesv--datadir /var/headphonesa--datadir /var/headphonesr--datadir /var/headphones/--datadir /var/headphonesh--datadir /var/headphonese--datadir /var/headphonesa--datadir /var/headphonesd--datadir /var/headphonesp--datadir /var/headphonesh--datadir /var/headphoneso--datadir /var/headphonesn--datadir /var/headphonese--datadir /var/headphoness--datadir /var/headphones/--datadir /var/headphonesh--datadir /var/headphonese--datadir /var/headphonesa--datadir /var/headphonesd--datadir /var/headphonesp--datadir /var/headphonesh--datadir /var/headphoneso--datadir /var/headphonesn--datadir /var/headphonese--datadir /var/headphoness--datadir /var/headphones.--datadir /var/headphonesi--datadir /var/headphonesin--datadir /var/headphonesini--datadir /var/headphones --datadir /var/headphones start-stop-daemon -d /usr/local/headphones -c headphones --start --background --pidfile /var/run/headphones.pid  --make-pidfile --exec /usr/bin/python -- Headph$$Headphones.py -q --config /var/headphones/headphones.ini --datadir /var/headphones start-stop-daemon -d /usr/local/headphones -c headphones --start --background --pidfile /var/run/headphones.pid  --make-pidfile --exec /usr/bin/python -- Headph$$Headphones.py -q --datadir /var/headphones --config /var/headphones/headphones.ini --datadir /var/headphonesSave modified buffer (ANSWERING "No" WILL DESTROY CHANGES) ?                                                                                                                      Y Yes N No  ^C CancelFile Name to Write: /etc/init.d/headphones                  ^G Get HelpM-D DOS FormatM-A AppendM-B Backup File^C Cancel         M-M Mac FormatM-P Prepend         [ Wrote 30 lines ]pi@raspberrypi ~/rPiDownloader $ sudo nano /etc/init.d/headphonesls /var/headphones/sudo /etc/init.d/headphones restart
Restarting Headphones
start-stop-daemon: warning: failed to kill 13259: No such process
1 pids were not killed
No process in pidfile '/var/run/headphones.pid' found running; none killed.
pi@raspberrypi ~/rPiDownloader $ 
pi@raspberrypi ~/rPiDownloader $ 
pi@raspberrypi ~/rPiDownloader $ sudo nano /etvar/headphones/headphones.ini 
  GNU nano 2.2.6                                       File: /var/headphones/headphones.ini                                                                                      [General]config_version = 2http_port = 8181http_host = 0.0.0.0http_username = ""http_password = ""http_root = /http_proxy = 0launch_browser = 1api_enabled = 0api_key = ""log_dir = /var/headphones/logsgit_path = ""check_github = 1check_github_on_startup = 1check_github_interval = 360music_dir = ""destination_dir = ""lossless_destination_dir = ""preferred_quality = 0preferred_bitrate = ""detect_bitrate = 0auto_add_artists = 1correct_metadata = 0move_files = 0rename_files = 0folder_format = $Artist/$Album [$Year]file_format = $Track $Artist - $Album [$Year]- $Titlecleanup_files = 0add_album_art = 0embed_album_art = 0embed_lyrics = 0download_dir = ""blackhole = 0blackhole_dir = ""usenet_retention = 1500include_extras = 0autowant_upcoming = 1autowant_all = 0numberofseeders = 10torrentblackhole_dir = ""isohunt = 0kat = 0mininova = 0download_torrent_dir = ""search_interval = 360libraryscan_interval = 300[ Read 116 lines ]^G Get Help^O WriteOut^R Read File^Y Prev Page^K Cut Text^C Cur Pos^X Exit^J Justify^W Where Is^V Next Page^U UnCut Text^T To Spellsearch_interval = 360libraryscan_interval = 300download_scan_interval = 5lastfm_username = ""interface = defaultfolder_permissions = 0755music_encoder = 0encoder = ffmpegbitrate = 192samplingfrequency = 44100encoderfolder = ""advancedencoder = ""encoderoutputformat = mp3encoderquality = 2encodervbrcbr = cbrencoderlossless = 1delete_lossless_files = 1mirror = musicbrainz.orgcustomhost = localhostcustomport = 5000customsleep = 1hpuser = ""hppass = ""[Waffles]waffwaffles_uid = ""waffles_passkey = ""[SABnzbd]sab_host = ""sab_username = ""sab_password = ""sab_apikey = ""sab_category[NZBMatrix]nzbmatrix = 0nzbmatrix_username = ""nzbmatrix_apikey = ""[Newznab]newznab = 0newznab_host = ""newznab_apikey = ""newznab_enabled = 1extra_newznabs = ,[NZBsorg]nzbsorg = 0nzbsorg_uid = ""nzbsorg_hash = ""nzbsorg_uid = ""nzbsorg_hash = ""[Newzbin]newzbin = 0newzbin_uid = ""newzbin_password = ""[Prowl]prowl_enabled = 0prowl_keys = ""prowl_onsnatch = 0prowl_priority = 0[XBMC]xbmc_enabled = 0xbmc_host = ""xbmc_username = ""xbmc_password = ""xbmc_update = 0xbmc_notify = 0[NMA]nma_enabled = 0nma_apikey = ""nma_priority = 0[Synoindex]synoindex_enabled = 0[Advanced]album_completion_pct = 80search_interval = 360libraryscan_interval = 300download_scan_interval = 5lastfm_username = ""interface = defaultfolder_permissions = 0755music_encoder = 0encoder = ffmpegbitrate = 192samplingfrequency = 44100encoderfolder = ""advancedencoder = ""encoderoutputformat = mp3encoderquality = 2encodervbrcbr = cbrencoderlossless = 1delete_lossless_files = 1mirror = musicbrainz.orgcustomhost = localhostcustomport = 5000customsleep = 1hpuser = ""hppass = ""[Waffles]waffles = 0waffles_uid = ""waffles_passkey = ""[SABnzbd]sab_host = ""sab_username = ""sab_password = ""sab_apikey = ""sab_category = ""[NZBMatrix]nzbmatrix = 0nzbmatrix_username = ""nzbmatrix_apikey = ""[Newznab]newznab = 0newznab_host = ""newznab_apikey = ""newznab_enabled = 1extra_newznabs = ,[NZBsorg]nzbsorg = 0nzbsorg_uid = ""nzbsorg_hash = ""[General]config_version = 2http_port = 8181http_host = 0.0.0.0http_username = ""http_password = ""http_root = /http_proxy = 0launch_browser = 1api_enabled = 0api_key = ""log_dir = /var/headphones/logsgit_path = ""check_github = 1check_github_on_startup = 1check_github_interval = 360music_dir = ""destination_dir = ""lossless_destination_dir = ""preferred_quality = 0preferred_bitrate = ""detect_bitrate = 0auto_add_artists = 1correct_metadata = 0move_files = 0rename_files = 0folder_format = $Artist/$Album [$Year]file_format = $Track $Artist - $Album [$Year]- $Titlecleanup_files = 0add_album_art = 0embed_album_art = 0embed_lyrics = 0download_dirblackhole = 0blackhole_dir = ""usenet_retention = 1500include_extras = 0autowant_upcoming = 1autowant_all = 0numberofseeders = 10torrentblackhole_dir = ""isohunt = 0kat = 0mininova = 0download_torrent_dir = ""search_interval = 360libraryscan_interval = 300pi@raspberrypi ~/rPiDownloader $ sudo nano /var/headphones/headphones.ini 
  GNU nano 2.2.6                                       File: /var/headphones/headphones.ini                                                                                      [General]config_version = 2http_port = 8181http_host = 0.0.0.0http_username = ""http_password = ""http_root = /http_proxy = 0launch_browser = 1api_enabled = 0api_key = ""log_dir = /var/headphones/logsgit_path = ""check_github = 1check_github_on_startup = 1check_github_interval = 360music_dir = ""destination_dir = ""lossless_destination_dir = ""preferred_quality = 0preferred_bitrate = ""detect_bitrate = 0auto_add_artists = 1correct_metadata = 0move_files = 0rename_files = 0folder_format = $Artist/$Album [$Year]file_format = $Track $Artist - $Album [$Year]- $Titlecleanup_files = 0add_album_art = 0embed_album_art = 0embed_lyrics = 0download_dir = ""blackhole = 0blackhole_dir = ""usenet_retention = 1500include_extras = 0autowant_upcoming = 1autowant_all = 0numberofseeders = 10torrentblackhole_dir = ""isohunt = 0kat = 0mininova = 0download_torrent_dir = ""search_interval = 360libraryscan_interval = 300[ Read 116 lines ]^G Get Help^O WriteOut^R Read File^Y Prev Page^K Cut Text^C Cur Pos^X Exit^J Justify^W Where Is^V Next Page^U UnCut Text^T To SpellModified - 0   084File to insert [from ./] :                                                                                                                                                                   ^T To Files              M-F New BufferC Cancel           ^X Execute Command [ Cancelled ]^O WriteOut^R Read File^Y Prev Page^K Cut Text     ^C Cur PosX Exit  ^J Justify^W Where Is        ^V Next Page^U UnCut Text^T To SpellSave modified buffer (ANSWERING "No" WILL DESTROY CHANGES) ?                                                                                                                      Y Yes N No  ^C Cancelpi@raspberrypi ~/rPiDownloader $ sudo nano /var/headphones/headphones.ini /etc/init.d/headphones restartnano /var/headphones/headphones.ini 
  GNU nano 2.2.6                                       File: /var/headphones/headphones.ini                                                                                      [General]config_version = 2http_port = 8181http_host = 0.0.0.0http_username = cylindrichttp_password = newtonhttp_root = /http_proxy = 0launch_browser = 1api_enabled = 0api_key = ""log_dir = /var/headphones/logsgit_path = ""check_github = 1check_github_on_startup = 1check_github_interval = 360music_dir = ""destination_dir = ""lossless_destination_dir = ""preferred_quality = 0preferred_bitrate = ""detect_bitrate = 0auto_add_artists = 1correct_metadata = 0move_files = 0rename_files = 0folder_format = $Artist/$Album [$Year]file_format = $Track $Artist - $Album [$Year]- $Titlecleanup_files = 0add_album_art = 0embed_album_art = 0embed_lyrics = 0download_dir = ""blackhole = 0blackhole_dir = ""usenet_retention = 1500include_extras = 0autowant_upcoming = 1autowant_all = 0numberofseeders = 10torrentblackhole_dir = ""isohunt = 0kat = 0mininova = 0download_torrent_dir = ""search_interval = 360libraryscan_interval = 300[ Read 116 lines ]^G Get Help^O WriteOut^R Read File^Y Prev Page^K Cut Text^C Cur Pos^X Exit^J Justify^W Where Is^V Next Page^U UnCut Text^T To Spellsearch_interval = 360libraryscan_interval = 300download_scan_interval = 5lastfm_username = ""interface = defaultfolder_permissions = 0755music_encoder = 0encoder = ffmpegbitrate = 192samplingfrequency = 44100encoderfolder = ""advancedencoder = ""encoderoutputformat = mp3encoderquality = 2encodervbrcbr = cbrencoderlossless = 1delete_lossless_files = 1mirror = musicbrainz.orgcustomhost = localhostcustomport = 5000customsleep = 1hpuser = ""hppass = ""[Waffles]waffwaffles_uid = ""waffles_passkey = ""[SABnzbd]sab_host = ""sab_username = ""sab_password = ""sab_apikey = ""sab_category[NZBMatrix]nzbmatrix = 0nzbmatrix_username = ""nzbmatrix_apikey = ""[Newznab]newznab = 0newznab_host = ""newznab_apikey = ""newznab_enabled = 1extra_newznabs = ,[NZBsorg]nzbsorg = 0nzbsorg_uid = Nonenzbsorg_hash = ""pi@raspberrypi ~/rPiDownloader $ ls
install.conf  install.conf.sample  install.log  install.sh  README.md
pi@raspberrypi ~/rPiDownloader $ 